../Core/Src/main.c:111:6:HAL_GPIO_EXTI_Callback	16	static
../Core/Src/main.c:124:5:main	248	static
../Core/Src/main.c:337:6:SystemClock_Config	88	static
../Core/Src/main.c:384:13:MX_ADC1_Init	24	static
../Core/Src/main.c:436:13:MX_I2C1_Init	8	static
../Core/Src/main.c:470:13:MX_I2C2_Init	8	static
../Core/Src/main.c:504:13:MX_TIM4_Init	32	static
../Core/Src/main.c:549:13:MX_TIM10_Init	8	static
../Core/Src/main.c:580:13:MX_USART2_UART_Init	8	static
../Core/Src/main.c:613:13:MX_GPIO_Init	48	static
../Core/Src/main.c:681:6:usDelay	16	static
../Core/Src/main.c:691:5:getHeight	32	static
../Core/Src/main.c:725:6:setLED	16	static
../Core/Src/main.c:736:5:isButtonHold	4	static
../Core/Src/main.c:740:5:isButtonLiftUp	4	static
../Core/Src/main.c:744:6:scanMLX90614	16	static
../Core/Src/main.c:780:6:Error_Handler	4	static,ignoring_inline_asm
