../Core/Src/main.c:113:5:main	240	static
../Core/Src/main.c:301:6:SystemClock_Config	88	static
../Core/Src/main.c:348:13:MX_ADC1_Init	24	static
../Core/Src/main.c:400:13:MX_I2C1_Init	8	static
../Core/Src/main.c:434:13:MX_TIM4_Init	32	static
../Core/Src/main.c:479:13:MX_TIM10_Init	8	static
../Core/Src/main.c:510:13:MX_USART2_UART_Init	8	static
../Core/Src/main.c:543:13:MX_GPIO_Init	48	static
../Core/Src/main.c:601:6:usDelay	16	static
../Core/Src/main.c:611:5:getHeight	24	static
../Core/Src/main.c:637:6:setLED	16	static
../Core/Src/main.c:648:5:isButtonHold	4	static
../Core/Src/main.c:652:5:isButtonLiftUp	4	static
../Core/Src/main.c:656:6:scanMLX90614	16	static
../Core/Src/main.c:692:6:Error_Handler	4	static,ignoring_inline_asm
